{
  "firstName": "nayne",
  "lastName": "cobb",
  "isMale": true,
  "age": 38
}